Connected!
[GIN-debug] [WARNING] Creating an Engine instance with the Logger and Recovery middleware already attached.

[GIN-debug] [WARNING] Running in "debug" mode. Switch to "release" mode in production.
 - using env:	export GIN_MODE=release
 - using code:	gin.SetMode(gin.ReleaseMode)

[GIN-debug] GET    /healthz                  --> main.main.func1 (4 handlers)
[GIN-debug] POST   /api/v2/supplier/all      --> ifritah/web-service-gin/pkg/handlers.(*handler).GetAllSupplier-fm (5 handlers)
[GIN-debug] GET    /api/v2/supplier/:id      --> ifritah/web-service-gin/pkg/handlers.(*handler).GetSupplier-fm (5 handlers)
[GIN-debug] POST   /api/v2/supplier          --> ifritah/web-service-gin/pkg/handlers.(*handler).AddSupplier-fm (5 handlers)
[GIN-debug] PUT    /api/v2/supplier/:id      --> ifritah/web-service-gin/pkg/handlers.(*handler).EditSupplier-fm (6 handlers)
[GIN-debug] DELETE /api/v2/supplier/:id      --> ifritah/web-service-gin/pkg/handlers.(*handler).DeleteSupplier-fm (6 handlers)
[GIN-debug] GET    /api/v2/company/all       --> ifritah/web-service-gin/pkg/handlers.(*handler).GetAllCompanies-fm (5 handlers)
[GIN-debug] GET    /api/v2/company           --> ifritah/web-service-gin/pkg/handlers.(*handler).GetCompany-fm (5 handlers)
[GIN-debug] PUT    /api/v2/company           --> ifritah/web-service-gin/pkg/handlers.(*handler).UpdateCompany-fm (6 handlers)
[GIN-debug] GET    /api/v2/vin/car/info/:vin --> ifritah/web-service-gin/pkg/handlers.(*handler).GetCarInfoByVin-fm (5 handlers)
[GIN-debug] GET    /api/v2/vin/car/:vin      --> ifritah/web-service-gin/pkg/handlers.(*handler).GetCarsByVin-fm (5 handlers)
[GIN-debug] POST   /api/v2/vin/part/details/:vin --> ifritah/web-service-gin/pkg/handlers.(*handler).GetPartByVinDetails-fm (5 handlers)
[GIN-debug] POST   /api/v2/vin/part/:vin     --> ifritah/web-service-gin/pkg/handlers.(*handler).GetPartByVin-fm (5 handlers)
[GIN-debug] GET    /api/v2/vin/car/csv/:vin  --> ifritah/web-service-gin/pkg/handlers.(*handler).DownloadAllVinPartCSV-fm (5 handlers)
[GIN-debug] GET    /api/v2/vin/all           --> ifritah/web-service-gin/pkg/handlers.(*handler).GetAllCachedVin-fm (5 handlers)
[GIN-debug] GET    /api/v2/vin/no_cache/:vin --> ifritah/web-service-gin/pkg/handlers.(*handler).SearchByVinSkipCache-fm (5 handlers)
[GIN-debug] GET    /api/v2/vin/:vin          --> ifritah/web-service-gin/pkg/handlers.(*handler).SearchByVin-fm (5 handlers)
[GIN-debug] GET    /api/v2/car_part/:id      --> ifritah/web-service-gin/pkg/handlers.(*handler).GetAllCachedVin-fm (5 handlers)
[GIN-debug] GET    /api/v2/bill/:id          --> ifritah/web-service-gin/pkg/handlers.(*handler).GetBillDetail-fm (5 handlers)
[GIN-debug] POST   /api/v2/bill/all          --> ifritah/web-service-gin/pkg/handlers.(*handler).GetBills-fm (5 handlers)
[GIN-debug] POST   /api/v2/bill              --> ifritah/web-service-gin/pkg/handlers.(*handler).AddBill-fm (5 handlers)
[GIN-debug] PUT    /api/v2/bill/:id          --> ifritah/web-service-gin/pkg/handlers.(*handler).SubmitDraftBill-fm (5 handlers)
[GIN-debug] DELETE /api/v2/bill/:id          --> ifritah/web-service-gin/pkg/handlers.(*handler).DeleteBillDetail-fm (6 handlers)
[GIN-debug] GET    /api/v2/credit_bill/:id   --> ifritah/web-service-gin/pkg/handlers.(*handler).GetBillCreditDetail-fm (5 handlers)
[GIN-debug] POST   /api/v2/bill/credit       --> ifritah/web-service-gin/pkg/handlers.(*handler).CreditBill-fm (5 handlers)
[GIN-debug] GET    /api/v2/purchase_bill/:id --> ifritah/web-service-gin/pkg/handlers.(*handler).GetPurchaseBillDetail-fm (5 handlers)
[GIN-debug] POST   /api/v2/purchase_bill     --> ifritah/web-service-gin/pkg/handlers.(*handler).AddPurchaseBill-fm (5 handlers)
[GIN-debug] POST   /api/v2/purchase_bill/all --> ifritah/web-service-gin/pkg/handlers.(*handler).GetAllPurchaseBill-fm (5 handlers)
[GIN-debug] PUT    /api/v2/purchase_bill/:id --> ifritah/web-service-gin/pkg/handlers.(*handler).UpdatePurchaseBill-fm (5 handlers)
[GIN-debug] DELETE /api/v2/purchase_bill/:id --> ifritah/web-service-gin/pkg/handlers.(*handler).DeletePurchaseBillDetail-fm (6 handlers)
[GIN-debug] POST   /api/v2/product/search    --> ifritah/web-service-gin/pkg/handlers.(*handler).SearchProducts-fm (5 handlers)
[GIN-debug] GET    /api/v2/product/:id       --> ifritah/web-service-gin/pkg/handlers.(*handler).GetProduct-fm (5 handlers)
[GIN-debug] POST   /api/v2/product/all       --> ifritah/web-service-gin/pkg/handlers.(*handler).GetAllProducts-fm (5 handlers)
[GIN-debug] POST   /api/v2/product           --> ifritah/web-service-gin/pkg/handlers.(*handler).AddQuantity-fm (5 handlers)
[GIN-debug] PUT    /api/v2/product/:id       --> ifritah/web-service-gin/pkg/handlers.(*handler).UpdateProduct-fm (5 handlers)
[GIN-debug] DELETE /api/v2/product/:id       --> ifritah/web-service-gin/pkg/handlers.(*handler).DeleteProduct-fm (6 handlers)
[GIN-debug] GET    /api/v2/client/:id        --> ifritah/web-service-gin/pkg/handlers.(*handler).GetClient-fm (5 handlers)
[GIN-debug] POST   /api/v2/client/all        --> ifritah/web-service-gin/pkg/handlers.(*handler).GetAllClient-fm (5 handlers)
[GIN-debug] POST   /api/v2/client            --> ifritah/web-service-gin/pkg/handlers.(*handler).CreateClient-fm (5 handlers)
[GIN-debug] PUT    /api/v2/client/:id        --> ifritah/web-service-gin/pkg/handlers.(*handler).UpdateClient-fm (5 handlers)
[GIN-debug] DELETE /api/v2/client/:id        --> ifritah/web-service-gin/pkg/handlers.(*handler).DeleteClient-fm (6 handlers)
[GIN-debug] POST   /api/v2/branch/all        --> ifritah/web-service-gin/pkg/handlers.(*handler).ListBranches-fm (5 handlers)
[GIN-debug] GET    /api/v2/branch/:id        --> ifritah/web-service-gin/pkg/handlers.(*handler).GetBranch-fm (5 handlers)
[GIN-debug] POST   /api/v2/branch            --> ifritah/web-service-gin/pkg/handlers.(*handler).CreateBranch-fm (6 handlers)
[GIN-debug] PUT    /api/v2/branch/:id        --> ifritah/web-service-gin/pkg/handlers.(*handler).UpdateBranch-fm (6 handlers)
[GIN-debug] DELETE /api/v2/branch/:id        --> ifritah/web-service-gin/pkg/handlers.(*handler).DeleteBranch-fm (6 handlers)
[GIN-debug] GET    /api/v2/branch/:id/zatca  --> ifritah/web-service-gin/pkg/handlers.(*handler).GetBranchZatcaConfig-fm (5 handlers)
[GIN-debug] PUT    /api/v2/branch/:id/zatca  --> ifritah/web-service-gin/pkg/handlers.(*handler).UpdateBranchZatcaConfig-fm (6 handlers)
[GIN-debug] POST   /api/v2/branch/:id/zatca/onboard --> ifritah/web-service-gin/pkg/handlers.(*handler).OnboardBranchZatca-fm (6 handlers)
[GIN-debug] GET    /api/v2/stores/all        --> ifritah/web-service-gin/pkg/handlers.(*handler).GetStores-fm (5 handlers)
[GIN-debug] POST   /api/v2/stores/all        --> ifritah/web-service-gin/pkg/handlers.(*handler).GetStores-fm (5 handlers)
[GIN-debug] GET    /api/v2/store/:id         --> ifritah/web-service-gin/pkg/handlers.(*handler).GetStore-fm (5 handlers)
[GIN-debug] POST   /api/v2/store             --> ifritah/web-service-gin/pkg/handlers.(*handler).CreateStore-fm (6 handlers)
[GIN-debug] PUT    /api/v2/store/:id         --> ifritah/web-service-gin/pkg/handlers.(*handler).UpdateStore-fm (6 handlers)
[GIN-debug] DELETE /api/v2/store/:id         --> ifritah/web-service-gin/pkg/handlers.(*handler).DeleteStore-fm (6 handlers)
[GIN-debug] GET    /api/v2/settings          --> ifritah/web-service-gin/pkg/handlers.(*handler).GetSettings-fm (5 handlers)
[GIN-debug] PUT    /api/v2/settings          --> ifritah/web-service-gin/pkg/handlers.(*handler).UpdateSettings-fm (6 handlers)
[GIN-debug] POST   /api/v2/stock/adjust      --> ifritah/web-service-gin/pkg/handlers.(*handler).StockAdjust-fm (5 handlers)
[GIN-debug] POST   /api/v2/stock/check       --> ifritah/web-service-gin/pkg/handlers.(*handler).StockCheck-fm (5 handlers)
[GIN-debug] GET    /api/v2/stock/movements/:product_id --> ifritah/web-service-gin/pkg/handlers.(*handler).GetStockMovements-fm (5 handlers)
[GIN-debug] GET    /api/v2/stock/enforcement --> ifritah/web-service-gin/pkg/handlers.(*handler).GetStockEnforcement-fm (5 handlers)
[GIN-debug] GET    /api/v2/notification      --> ifritah/web-service-gin/pkg/handlers.(*handler).GetNotifications-fm (5 handlers)
[GIN-debug] GET    /api/v2/notification/config --> ifritah/web-service-gin/pkg/handlers.(*handler).GetNotificationConfig-fm (5 handlers)
[GIN-debug] PUT    /api/v2/notification/config --> ifritah/web-service-gin/pkg/handlers.(*handler).UpdateNotificationConfig-fm (6 handlers)
[GIN-debug] PUT    /api/v2/notification/:id/read --> ifritah/web-service-gin/pkg/handlers.(*handler).MarkNotificationRead-fm (5 handlers)
[GIN-debug] PUT    /api/v2/notification/read-all --> ifritah/web-service-gin/pkg/handlers.(*handler).MarkAllNotificationsRead-fm (5 handlers)
[GIN-debug] GET    /api/v2/dashboard         --> ifritah/web-service-gin/pkg/handlers.(*handler).GetDashboard-fm (5 handlers)
[GIN-debug] GET    /api/v2/dashboard/analytics --> ifritah/web-service-gin/pkg/handlers.(*handler).GetDashboardAnalytics-fm (5 handlers)
[GIN-debug] GET    /api/v2/dashboard/compare --> ifritah/web-service-gin/pkg/handlers.(*handler).GetDashboardCompare-fm (5 handlers)
[GIN-debug] GET    /api/v2/part/type         --> main.main.CachePage.func3 (5 handlers)
[GIN-debug] POST   /api/v2/part/             --> ifritah/web-service-gin/pkg/handlers.(*handler).GetPart-fm (5 handlers)
[GIN-debug] POST   /api/v2/upload            --> ifritah/web-service-gin/pkg/handlers.(*handler).UploadFile-fm (5 handlers)
[GIN-debug] GET    /api/v2/files/:key        --> ifritah/web-service-gin/pkg/handlers.(*handler).DownloadFile-fm (5 handlers)
[GIN-debug] DELETE /api/v2/files/:key        --> ifritah/web-service-gin/pkg/handlers.(*handler).DeleteFile-fm (6 handlers)
[GIN-debug] POST   /api/v2/order/all         --> ifritah/web-service-gin/pkg/handlers.(*handler).GetOrders-fm (5 handlers)
[GIN-debug] GET    /api/v2/order/:id         --> ifritah/web-service-gin/pkg/handlers.(*handler).GetOrder-fm (5 handlers)
[GIN-debug] POST   /api/v2/order             --> ifritah/web-service-gin/pkg/handlers.(*handler).CreateOrder-fm (5 handlers)
[GIN-debug] PUT    /api/v2/order/:id         --> ifritah/web-service-gin/pkg/handlers.(*handler).UpdateOrder-fm (5 handlers)
[GIN-debug] DELETE /api/v2/order/:id         --> ifritah/web-service-gin/pkg/handlers.(*handler).DeleteOrder-fm (6 handlers)
[GIN-debug] POST   /api/v2/cash_voucher/all  --> ifritah/web-service-gin/pkg/handlers.(*handler).ListCashVouchers-fm (5 handlers)
[GIN-debug] GET    /api/v2/cash_voucher/summary --> ifritah/web-service-gin/pkg/handlers.(*handler).GetCashVoucherSummary-fm (5 handlers)
[GIN-debug] GET    /api/v2/cash_voucher/:id  --> ifritah/web-service-gin/pkg/handlers.(*handler).GetCashVoucher-fm (5 handlers)
[GIN-debug] POST   /api/v2/cash_voucher      --> ifritah/web-service-gin/pkg/handlers.(*handler).CreateCashVoucher-fm (5 handlers)
[GIN-debug] PUT    /api/v2/cash_voucher/:id  --> ifritah/web-service-gin/pkg/handlers.(*handler).UpdateCashVoucher-fm (5 handlers)
[GIN-debug] DELETE /api/v2/cash_voucher/:id  --> ifritah/web-service-gin/pkg/handlers.(*handler).DeleteCashVoucher-fm (6 handlers)
[GIN-debug] POST   /api/v2/cash_voucher/:id/approve --> ifritah/web-service-gin/pkg/handlers.(*handler).ApproveCashVoucher-fm (6 handlers)
[GIN-debug] POST   /api/v2/cash_voucher/:id/post --> ifritah/web-service-gin/pkg/handlers.(*handler).PostCashVoucher-fm (6 handlers)
[GIN-debug] GET    /api/v2/supplier/:id/report --> ifritah/web-service-gin/pkg/handlers.(*handler).GetSupplierReport-fm (5 handlers)
[GIN-debug] PUT    /api/v2/purchase_bill/:id/received --> ifritah/web-service-gin/pkg/handlers.(*handler).MarkBillReceived-fm (6 handlers)
[GIN-debug] DELETE /api/v2/purchase_bill/:id/received --> ifritah/web-service-gin/pkg/handlers.(*handler).UnmarkBillReceived-fm (6 handlers)
[GIN-debug] GET    /api/v2/users/me          --> ifritah/web-service-gin/pkg/handlers.(*handler).GetMe-fm (5 handlers)
[GIN-debug] POST   /api/v2/user/all          --> ifritah/web-service-gin/pkg/handlers.(*handler).ListUsers-fm (6 handlers)
[GIN-debug] GET    /api/v2/user/:id          --> ifritah/web-service-gin/pkg/handlers.(*handler).GetUserByID-fm (6 handlers)
[GIN-debug] POST   /api/v2/user              --> ifritah/web-service-gin/pkg/handlers.(*handler).CreateUser-fm (6 handlers)
[GIN-debug] PUT    /api/v2/user/:id          --> ifritah/web-service-gin/pkg/handlers.(*handler).UpdateUser-fm (6 handlers)
[GIN-debug] DELETE /api/v2/user/:id          --> ifritah/web-service-gin/pkg/handlers.(*handler).DeleteUser-fm (6 handlers)
[GIN-debug] POST   /api/v2/user/:id/password --> ifritah/web-service-gin/pkg/handlers.(*handler).AdminResetUserPassword-fm (6 handlers)
[GIN-debug] GET    /api/v2/zatca/monitor/stats --> ifritah/web-service-gin/pkg/handlers.(*handler).ZatcaMonitorStats-fm (6 handlers)
[GIN-debug] GET    /api/v2/zatca/monitor/branches --> ifritah/web-service-gin/pkg/handlers.(*handler).ZatcaMonitorBranches-fm (6 handlers)
[GIN-debug] GET    /api/v2/zatca/monitor/submissions --> ifritah/web-service-gin/pkg/handlers.(*handler).ZatcaMonitorSubmissions-fm (6 handlers)
[GIN-debug] GET    /api/v2/bill/pdf/:id      --> ifritah/web-service-gin/pkg/handlers.(*handler).GetBillPDF-fm (4 handlers)
[GIN-debug] GET    /api/v2/bill/credit/pdf/:id --> ifritah/web-service-gin/pkg/handlers.(*handler).GetCreditBillPDF-fm (4 handlers)
[GIN-debug] POST   /api/v2/register          --> ifritah/web-service-gin/pkg/handlers.(*handler).Register-fm (4 handlers)
[GIN-debug] POST   /api/v2/login             --> ifritah/web-service-gin/pkg/handlers.(*handler).Login-fm (4 handlers)
[GIN-debug] POST   /api/v2/refresh           --> ifritah/web-service-gin/pkg/handlers.(*handler).Refresh-fm (4 handlers)
[GIN-debug] POST   /api/v2/forgot-password   --> ifritah/web-service-gin/pkg/handlers.(*handler).ForgotPassword-fm (4 handlers)
[GIN-debug] POST   /api/v2/reset-password    --> ifritah/web-service-gin/pkg/handlers.(*handler).ResetPassword-fm (4 handlers)
[GIN-debug] [WARNING] You trusted all proxies, this is NOT safe. We recommend you to set a value.
Please check https://github.com/gin-gonic/gin/blob/master/docs/doc.md#dont-trust-all-proxies for details.
[GIN-debug] Listening and serving HTTP on :8090
[GIN] 2026/05/07 - 11:08:49 | 200 |  75.03ms |             ::1 | POST     "/api/v2/login"
[GIN] 2026/05/07 - 11:09:17 | 200 |  69.92ms |             ::1 | POST     "/api/v2/login"
[GIN] 2026/05/07 - 11:09:17 | 200 |   35.6ms |             ::1 | POST     "/api/v2/bill/all"
[GIN] 2026/05/07 - 11:09:17 | 200 |  19.89ms |             ::1 | POST     "/api/v2/bill/all"
[GIN] 2026/05/07 - 11:09:17 | 200 |   6.15ms |             ::1 | POST     "/api/v2/bill/all"
[GIN] 2026/05/07 - 11:09:17 | 200 |   4.32ms |             ::1 | POST     "/api/v2/client/all"
[GIN] 2026/05/07 - 11:09:17 | 200 |   3.13ms |             ::1 | POST     "/api/v2/client/all"
[GIN] 2026/05/07 - 11:09:17 | 200 |   4.86ms |             ::1 | POST     "/api/v2/order/all"
[GIN] 2026/05/07 - 11:09:17 | 200 |   5.61ms |             ::1 | POST     "/api/v2/product/all"
[GIN] 2026/05/07 - 11:09:17 | 200 |   5.92ms |             ::1 | POST     "/api/v2/purchase_bill/all"
[GIN] 2026/05/07 - 11:09:17 | 200 |   3.06ms |             ::1 | POST     "/api/v2/supplier/all"
[GIN] 2026/05/07 - 11:09:17 | 200 |   4.86ms |             ::1 | POST     "/api/v2/user/all"
[GIN] 2026/05/07 - 11:09:17 | 200 |   3.23ms |             ::1 | POST     "/api/v2/cash_voucher/all"
[GIN] 2026/05/07 - 11:09:17 | 404 |       0s |             ::1 | POST     "/api/v2/credit/all"
[GIN] 2026/05/07 - 11:09:18 | 404 |       0s |             ::1 | POST     "/api/v2/stock/all"
[GIN] 2026/05/07 - 11:09:18 | 404 |       0s |             ::1 | POST     "/api/v2/company/all"
[GIN] 2026/05/07 - 11:09:47 | 200 |  76.81ms |             ::1 | POST     "/api/v2/login"
[GIN] 2026/05/07 - 11:09:47 | 200 |  46.03ms |             ::1 | POST     "/api/v2/bill/all"
[GIN] 2026/05/07 - 11:09:47 | 200 |  14.58ms |             ::1 | POST     "/api/v2/client/all"
[GIN] 2026/05/07 - 11:09:47 | 200 |   2.59ms |             ::1 | GET      "/api/v2/stores/all"
[GIN] 2026/05/07 - 11:09:47 | 200 |  13.34ms |             ::1 | POST     "/api/v2/bill/all"
[GIN] 2026/05/07 - 11:09:47 | 200 |   6.97ms |             ::1 | POST     "/api/v2/bill/all"
[GIN] 2026/05/07 - 11:09:47 | 200 |   3.26ms |             ::1 | POST     "/api/v2/client/all"
[GIN] 2026/05/07 - 11:09:47 | 200 |   2.83ms |             ::1 | POST     "/api/v2/supplier/all"
[GIN] 2026/05/07 - 11:09:47 | 200 |   4.29ms |             ::1 | POST     "/api/v2/order/all"
[GIN] 2026/05/07 - 11:09:47 | 200 |      3ms |             ::1 | POST     "/api/v2/product/all"
[GIN] 2026/05/07 - 11:09:47 | 200 |   4.26ms |             ::1 | POST     "/api/v2/branch/all"
[GIN] 2026/05/07 - 11:09:47 | 200 |   2.72ms |             ::1 | POST     "/api/v2/cash_voucher/all"
[GIN] 2026/05/07 - 11:10:00 | 200 | 116.56ms |             ::1 | POST     "/api/v2/login"
[GIN] 2026/05/07 - 11:10:00 | 200 |   5.89ms |             ::1 | POST     "/api/v2/purchase_bill/all"
[GIN] 2026/05/13 - 18:01:51 | 404 |       0s |             ::1 | GET      "/health"
[GIN] 2026/05/13 - 18:04:23 | 404 |       0s |             ::1 | GET      "/api/health"
[GIN] 2026/05/13 - 18:04:23 | 404 |       0s |             ::1 | GET      "/api/health"
[GIN] 2026/05/13 - 18:04:23 | 404 |       0s |             ::1 | GET      "/api/health"
[GIN] 2026/05/13 - 18:04:28 | 200 |   5.29ms |             ::1 | GET      "/healthz"
[GIN] 2026/05/13 - 18:04:28 | 404 |       0s |             ::1 | GET      "/health"
[GIN] 2026/05/13 - 18:04:28 | 404 |       0s |             ::1 | GET      "/api/health"
[GIN] 2026/05/13 - 18:04:28 | 404 |       0s |             ::1 | GET      "/"
[GIN] 2026/05/13 - 18:04:28 | 404 |       0s |             ::1 | GET      "/api/v2/login"
[GIN] 2026/05/13 - 19:21:46 | 200 |       0s |             ::1 | GET      "/healthz"
